00:00 +0: loading /app/test/app_flow_test.dart                                                                                                                                                         00:01 +0: loading /app/test/app_flow_test.dart                                                                                                                                                         00:02 +0: loading /app/test/app_flow_test.dart                                                                                                                                                         00:03 +0: loading /app/test/app_flow_test.dart                                                                                                                                                         00:04 +0: loading /app/test/app_flow_test.dart                                                                                                                                                         00:05 +0: loading /app/test/app_flow_test.dart                                                                                                                                                         00:06 +0: loading /app/test/app_flow_test.dart                                                                                                                                                         00:06 +0: App flow test: Splash -> Onboarding -> Home -> Detail                                                                                                                                        00:07 +0: App flow test: Splash -> Onboarding -> Home -> Detail                                                                                                                                        00:07 +0: App flow test: Splash -> Onboarding -> Home -> Detail
══╡ EXCEPTION CAUGHT BY FLUTTER TEST FRAMEWORK ╞════════════════════════════════════════════════════
The following TestFailure was thrown running a test:
Expected: exactly one matching candidate
  Actual: _TextWidgetFinder:<Found 0 widgets with text "Write. Be read. Be remembered.": []>
   Which: means none were found but one was expected

When the exception was thrown, this was the stack:
#4      main.<anonymous closure> (file:///app/test/app_flow_test.dart:34:5)
<asynchronous suspension>
#5      testWidgets.<anonymous closure>.<anonymous closure> (package:flutter_test/src/widget_tester.dart:192:15)
<asynchronous suspension>
#6      TestWidgetsFlutterBinding._runTestBody (package:flutter_test/src/binding.dart:1059:5)
<asynchronous suspension>
<asynchronous suspension>
(elided one frame from package:stack_trace)

This was caught by the test expectation on the following line:
  file:///app/test/app_flow_test.dart line 34
The test description was:
  App flow test: Splash -> Onboarding -> Home -> Detail
════════════════════════════════════════════════════════════════════════════════════════════════════
00:07 +0 -1: App flow test: Splash -> Onboarding -> Home -> Detail [E]
  Test failed. See exception logs above.
  The test description was: App flow test: Splash -> Onboarding -> Home -> Detail


To run this test again: /opt/flutter/bin/cache/dart-sdk/bin/dart test /app/test/app_flow_test.dart -p vm --plain-name 'App flow test: Splash -> Onboarding -> Home -> Detail'
00:07 +0 -1: Some tests failed.
